// Jest Snapshot v1, https://goo.gl/fbAQLP

exports[`List should match snapshot 1`] = `
<ul
  className="list-group "
>
  <li>
    Test
  </li>
</ul>
`;
