// Jest Snapshot v1, https://goo.gl/fbAQLP

exports[`Card should match snapshot 1`] = `
<div
  className="card-body"
>
  <div>
    Card Text
  </div>
</div>
`;
