// Jest Snapshot v1, https://goo.gl/fbAQLP

exports[`Card should match snapshot 1`] = `
<h4
  className="card-title"
>
  test name
  <Badge
    badgeClassName="badge-class"
    badgeText="test badge"
  />
</h4>
`;
