// Jest Snapshot v1, https://goo.gl/fbAQLP

exports[`Card should match snapshot 1`] = `
<div
  className="card mb-3 card-class"
>
  <div>
    Card Body
  </div>
</div>
`;
