// Jest Snapshot v1, https://goo.gl/fbAQLP

exports[`Card should match snapshot 1`] = `
<p
  className="card-text"
>
  test
</p>
`;
